Global Error: name 'HTTPException' is not defined
Traceback (most recent call last):
  File "C:\Users\hp\OneDrive\Desktop\Fullstack\backend\app\services\document_service.py", line 25, in upload_document
    from app.services.storage import storage_service
  File "C:\Users\hp\OneDrive\Desktop\Fullstack\backend\app\services\storage.py", line 4, in <module>
    from supabase import create_client, Client
ModuleNotFoundError: No module named 'supabase'

During handling of the above exception, another exception occurred:

Traceback (most recent call last):
  File "C:\Users\hp\OneDrive\Desktop\Fullstack\backend\venv\lib\site-packages\starlette\middleware\errors.py", line 164, in __call__
    await self.app(scope, receive, _send)
  File "C:\Users\hp\OneDrive\Desktop\Fullstack\backend\venv\lib\site-packages\starlette\middleware\cors.py", line 91, in __call__
    await self.simple_response(scope, receive, send, request_headers=headers)
  File "C:\Users\hp\OneDrive\Desktop\Fullstack\backend\venv\lib\site-packages\starlette\middleware\cors.py", line 146, in simple_response
    await self.app(scope, receive, send)
  File "C:\Users\hp\OneDrive\Desktop\Fullstack\backend\venv\lib\site-packages\starlette\middleware\exceptions.py", line 62, in __call__
    await wrap_app_handling_exceptions(self.app, conn)(scope, receive, send)
  File "C:\Users\hp\OneDrive\Desktop\Fullstack\backend\venv\lib\site-packages\starlette\_exception_handler.py", line 64, in wrapped_app
    raise exc
  File "C:\Users\hp\OneDrive\Desktop\Fullstack\backend\venv\lib\site-packages\starlette\_exception_handler.py", line 53, in wrapped_app
    await app(scope, receive, sender)
  File "C:\Users\hp\OneDrive\Desktop\Fullstack\backend\venv\lib\site-packages\starlette\routing.py", line 762, in __call__
    await self.middleware_stack(scope, receive, send)
  File "C:\Users\hp\OneDrive\Desktop\Fullstack\backend\venv\lib\site-packages\starlette\routing.py", line 782, in app
    await route.handle(scope, receive, send)
  File "C:\Users\hp\OneDrive\Desktop\Fullstack\backend\venv\lib\site-packages\starlette\routing.py", line 297, in handle
    await self.app(scope, receive, send)
  File "C:\Users\hp\OneDrive\Desktop\Fullstack\backend\venv\lib\site-packages\starlette\routing.py", line 77, in app
    await wrap_app_handling_exceptions(app, request)(scope, receive, send)
  File "C:\Users\hp\OneDrive\Desktop\Fullstack\backend\venv\lib\site-packages\starlette\_exception_handler.py", line 64, in wrapped_app
    raise exc
  File "C:\Users\hp\OneDrive\Desktop\Fullstack\backend\venv\lib\site-packages\starlette\_exception_handler.py", line 53, in wrapped_app
    await app(scope, receive, sender)
  File "C:\Users\hp\OneDrive\Desktop\Fullstack\backend\venv\lib\site-packages\starlette\routing.py", line 72, in app
    response = await func(request)
  File "C:\Users\hp\OneDrive\Desktop\Fullstack\backend\venv\lib\site-packages\fastapi\routing.py", line 299, in app
    raise e
  File "C:\Users\hp\OneDrive\Desktop\Fullstack\backend\venv\lib\site-packages\fastapi\routing.py", line 294, in app
    raw_response = await run_endpoint_function(
  File "C:\Users\hp\OneDrive\Desktop\Fullstack\backend\venv\lib\site-packages\fastapi\routing.py", line 191, in run_endpoint_function
    return await dependant.call(**values)
  File "C:\Users\hp\OneDrive\Desktop\Fullstack\backend\app\api\documents.py", line 25, in upload_document
    return await document_service.upload_document(db, file, current_user.id)
  File "C:\Users\hp\OneDrive\Desktop\Fullstack\backend\app\services\document_service.py", line 40, in upload_document
    raise HTTPException(status_code=500, detail=f"File upload failed: {str(e)}")
NameError: name 'HTTPException' is not defined. Did you mean: 'BaseException'?
